// Jest Snapshot v1, https://goo.gl/fbAQLP

exports[`Verifies if a button was changed 1`] = `
<DocumentFragment>
  <button
    class="sc-AxjAm odmaE"
    data-testid="button"
  >
    My Button Test
  </button>
</DocumentFragment>
`;
